
C:\NEXT\Pawpath-Form\app\services\page.js
  175:32  error  `'` can be escaped with `&apos;`, `&lsquo;`, `&#39;`, `&rsquo;`  react/no-unescaped-entities

C:\NEXT\Pawpath-Form\app\tools\page.tsx
  428:175  error  `'` can be escaped with `&apos;`, `&lsquo;`, `&#39;`, `&rsquo;`  react/no-unescaped-entities

C:\NEXT\Pawpath-Form\components\home\Hero.tsx
  147:44  error  `'` can be escaped with `&apos;`, `&lsquo;`, `&#39;`, `&rsquo;`  react/no-unescaped-entities

Γ£û 3 problems (3 errors, 0 warnings)

