app/contact/page.tsx(297,38): error TS2741: Property 'className' is missing in type '{ size: number; }' but required in type '{ size: number; className: string; }'.
app/contact/page.tsx(327,38): error TS2741: Property 'className' is missing in type '{ size: number; }' but required in type '{ size: number; className: string; }'.
app/tools/crate-size-calculator/page.tsx(168,38): error TS2741: Property 'className' is missing in type '{ size: number; }' but required in type '{ size: number; className: string; }'.
app/tools/crate-size-calculator/page.tsx(431,54): error TS2741: Property 'className' is missing in type '{ size: number; }' but required in type '{ size: number; className: string; }'.
app/tools/crate-size-calculator/page.tsx(466,34): error TS2741: Property 'className' is missing in type '{ size: number; }' but required in type '{ size: number; className: string; }'.
components/layouts/Footer.tsx(138,230): error TS2741: Property 'className' is missing in type '{ size: number; }' but required in type '{ size: number; className: string; }'.
components/WhatsAppShareBtn.tsx(38,14): error TS2741: Property 'className' is missing in type '{ size: number; }' but required in type '{ size: number; className: string; }'.
